---
source: crates/nash-parse/src/expression/let_.rs
description: "Code:\n\nlet\n    x = 1\nin\n    x\n"
---
Located {
    region: Region {
        start: Position {
            line: 1,
            column: 1,
        },
        end: Position {
            line: 5,
            column: 1,
        },
    },
    value: Let(
        [
            Located {
                region: Region {
                    start: Position {
                        line: 2,
                        column: 5,
                    },
                    end: Position {
                        line: 3,
                        column: 1,
                    },
                },
                value: Define(
                    Located {
                        region: Region {
                            start: Position {
                                line: 2,
                                column: 5,
                            },
                            end: Position {
                                line: 2,
                                column: 6,
                            },
                        },
                        value: "x",
                    },
                    [],
                    Located {
                        region: Region {
                            start: Position {
                                line: 2,
                                column: 9,
                            },
                            end: Position {
                                line: 2,
                                column: 10,
                            },
                        },
                        value: Int(
                            1,
                        ),
                    },
                    None,
                ),
            },
        ],
        Located {
            region: Region {
                start: Position {
                    line: 4,
                    column: 5,
                },
                end: Position {
                    line: 4,
                    column: 6,
                },
            },
            value: Var {
                kind: LowVar,
                name: "x",
            },
        },
    ),
}
