---
source: crates/nash-parse/src/expression/variable.rs
description: "Code:\n\nModule.foo"
---
Located {
    region: Region {
        start: Position {
            line: 1,
            column: 1,
        },
        end: Position {
            line: 1,
            column: 11,
        },
    },
    value: VarQual {
        kind: LowVar,
        module: "Module",
        name: "foo",
    },
}
