---
source: crates/nash-parse/src/expression/let_.rs
description: "Code:\n\nlet\n    f x = x\nin\n    f 1\n"
---
Located {
    region: Region {
        start: Position {
            line: 1,
            column: 1,
        },
        end: Position {
            line: 5,
            column: 1,
        },
    },
    value: Let(
        [
            Located {
                region: Region {
                    start: Position {
                        line: 2,
                        column: 5,
                    },
                    end: Position {
                        line: 3,
                        column: 1,
                    },
                },
                value: Define(
                    Located {
                        region: Region {
                            start: Position {
                                line: 2,
                                column: 5,
                            },
                            end: Position {
                                line: 2,
                                column: 6,
                            },
                        },
                        value: "f",
                    },
                    [
                        Located {
                            region: Region {
                                start: Position {
                                    line: 2,
                                    column: 7,
                                },
                                end: Position {
                                    line: 2,
                                    column: 8,
                                },
                            },
                            value: Var(
                                "x",
                            ),
                        },
                    ],
                    Located {
                        region: Region {
                            start: Position {
                                line: 2,
                                column: 11,
                            },
                            end: Position {
                                line: 2,
                                column: 12,
                            },
                        },
                        value: Var {
                            kind: LowVar,
                            name: "x",
                        },
                    },
                    None,
                ),
            },
        ],
        Located {
            region: Region {
                start: Position {
                    line: 4,
                    column: 5,
                },
                end: Position {
                    line: 4,
                    column: 8,
                },
            },
            value: Call {
                function: Located {
                    region: Region {
                        start: Position {
                            line: 4,
                            column: 5,
                        },
                        end: Position {
                            line: 4,
                            column: 6,
                        },
                    },
                    value: Var {
                        kind: LowVar,
                        name: "f",
                    },
                },
                arguments: [
                    Located {
                        region: Region {
                            start: Position {
                                line: 4,
                                column: 7,
                            },
                            end: Position {
                                line: 4,
                                column: 8,
                            },
                        },
                        value: Int(
                            1,
                        ),
                    },
                ],
            },
        },
    ),
}
