---
source: crates/nash-parse/src/expression/tuple.rs
description: "Code:\n\n(1, 2)"
---
Located {
    region: Region {
        start: Position {
            line: 1,
            column: 1,
        },
        end: Position {
            line: 1,
            column: 7,
        },
    },
    value: Tuple(
        Located {
            region: Region {
                start: Position {
                    line: 1,
                    column: 2,
                },
                end: Position {
                    line: 1,
                    column: 3,
                },
            },
            value: Int(
                1,
            ),
        },
        Located {
            region: Region {
                start: Position {
                    line: 1,
                    column: 5,
                },
                end: Position {
                    line: 1,
                    column: 6,
                },
            },
            value: Int(
                2,
            ),
        },
        [],
    ),
}
