---
source: crates/nash-parse/src/pattern/mod.rs
description: "Code:\n\nhead :: []"
---
Located {
    region: Region {
        start: Position {
            line: 1,
            column: 1,
        },
        end: Position {
            line: 1,
            column: 11,
        },
    },
    value: Cons(
        Located {
            region: Region {
                start: Position {
                    line: 1,
                    column: 1,
                },
                end: Position {
                    line: 1,
                    column: 5,
                },
            },
            value: Var(
                "head",
            ),
        },
        Located {
            region: Region {
                start: Position {
                    line: 1,
                    column: 9,
                },
                end: Position {
                    line: 1,
                    column: 11,
                },
            },
            value: List(
                [],
            ),
        },
    ),
}
