---
source: crates/nash-parse/src/pattern/term.rs
description: "Code:\n\n42"
---
Located {
    region: Region {
        start: Position {
            line: 1,
            column: 1,
        },
        end: Position {
            line: 1,
            column: 3,
        },
    },
    value: Int(
        42,
    ),
}
