---
source: crates/nash-parse/src/pattern/mod.rs
description: "Code:\n\nJust x"
---
Located {
    region: Region {
        start: Position {
            line: 1,
            column: 1,
        },
        end: Position {
            line: 1,
            column: 7,
        },
    },
    value: Ctor(
        Region {
            start: Position {
                line: 1,
                column: 1,
            },
            end: Position {
                line: 1,
                column: 5,
            },
        },
        "Just",
        [
            Located {
                region: Region {
                    start: Position {
                        line: 1,
                        column: 6,
                    },
                    end: Position {
                        line: 1,
                        column: 7,
                    },
                },
                value: Var(
                    "x",
                ),
            },
        ],
    ),
}
