---
source: crates/nash-parse/src/pattern/tuple.rs
description: "Code:\n\n((a, b), c)"
---
Located {
    region: Region {
        start: Position {
            line: 1,
            column: 1,
        },
        end: Position {
            line: 1,
            column: 12,
        },
    },
    value: Tuple {
        first: Located {
            region: Region {
                start: Position {
                    line: 1,
                    column: 2,
                },
                end: Position {
                    line: 1,
                    column: 8,
                },
            },
            value: Tuple {
                first: Located {
                    region: Region {
                        start: Position {
                            line: 1,
                            column: 3,
                        },
                        end: Position {
                            line: 1,
                            column: 4,
                        },
                    },
                    value: Var(
                        "a",
                    ),
                },
                second: Located {
                    region: Region {
                        start: Position {
                            line: 1,
                            column: 6,
                        },
                        end: Position {
                            line: 1,
                            column: 7,
                        },
                    },
                    value: Var(
                        "b",
                    ),
                },
                rest: [],
            },
        },
        second: Located {
            region: Region {
                start: Position {
                    line: 1,
                    column: 10,
                },
                end: Position {
                    line: 1,
                    column: 11,
                },
            },
            value: Var(
                "c",
            ),
        },
        rest: [],
    },
}
