---
source: crates/nash-parse/src/pattern/mod.rs
description: "Code:\n\nJust (Just x)"
---
Located {
    region: Region {
        start: Position {
            line: 1,
            column: 1,
        },
        end: Position {
            line: 1,
            column: 14,
        },
    },
    value: Ctor(
        Region {
            start: Position {
                line: 1,
                column: 1,
            },
            end: Position {
                line: 1,
                column: 5,
            },
        },
        "Just",
        [
            Located {
                region: Region {
                    start: Position {
                        line: 1,
                        column: 7,
                    },
                    end: Position {
                        line: 1,
                        column: 13,
                    },
                },
                value: Ctor(
                    Region {
                        start: Position {
                            line: 1,
                            column: 7,
                        },
                        end: Position {
                            line: 1,
                            column: 11,
                        },
                    },
                    "Just",
                    [
                        Located {
                            region: Region {
                                start: Position {
                                    line: 1,
                                    column: 12,
                                },
                                end: Position {
                                    line: 1,
                                    column: 13,
                                },
                            },
                            value: Var(
                                "x",
                            ),
                        },
                    ],
                ),
            },
        ],
    ),
}
