---
source: crates/nash-can/src/module.rs
description: "Code:\n\nmodule Main exposing (..)\n\ntype alias R = { x : Int, x : String }\n"
---
[
    DuplicateField {
        name: "x",
        first: Region {
            start: Position {
                line: 3,
                column: 18,
            },
            end: Position {
                line: 3,
                column: 19,
            },
        },
        second: Region {
            start: Position {
                line: 3,
                column: 27,
            },
            end: Position {
                line: 3,
                column: 28,
            },
        },
    },
]
