---
source: crates/nash-can/src/module.rs
description: "Code:\n\nmodule Main exposing (..)\n\nmain = let (a, b) = (a, 1) in b\n"
---
[
    RecursiveLet {
        name: Located {
            region: Region {
                start: Position {
                    line: 3,
                    column: 13,
                },
                end: Position {
                    line: 3,
                    column: 14,
                },
            },
            value: "a",
        },
        others: [],
    },
]
