---
source: crates/nash-can/src/module.rs
description: "Code:\n\nmodule Main exposing ((|>))\n"
---
[
    ExportNotFound {
        region: Region {
            start: Position {
                line: 1,
                column: 23,
            },
            end: Position {
                line: 1,
                column: 27,
            },
        },
        kind: BadOp,
        name: "|>",
    },
]
