---
source: crates/nash-can/src/module.rs
description: "Code:\n\nmodule Main exposing (Foo, Foo)\n\ntype alias Foo = Int\n"
---
[
    NotFoundType {
        region: Region {
            start: Position {
                line: 3,
                column: 18,
            },
            end: Position {
                line: 3,
                column: 21,
            },
        },
        prefix: None,
        name: "Int",
    },
]
