---
source: crates/nash-can/src/module.rs
description: "Code:\n\nmodule Main exposing (..)\n\nf = { nonexistent | x = 1 }\n"
---
[
    NotFoundVar {
        region: Region {
            start: Position {
                line: 3,
                column: 7,
            },
            end: Position {
                line: 3,
                column: 18,
            },
        },
        prefix: None,
        name: "nonexistent",
        suggestions: PossibleNames {
            locals: [
                "f",
            ],
            qualified: [],
        },
    },
]
