---
source: crates/nash-can/src/module.rs
description: "Code:\n\nmodule Main exposing (..)\n\nf = \\x x -> x\n"
---
[
    DuplicatePattern {
        context: LambdaArgs,
        name: "x",
        first: Region {
            start: Position {
                line: 3,
                column: 6,
            },
            end: Position {
                line: 3,
                column: 7,
            },
        },
        second: Region {
            start: Position {
                line: 3,
                column: 8,
            },
            end: Position {
                line: 3,
                column: 9,
            },
        },
    },
]
