---
source: crates/nash-can/src/module.rs
description: "Code:\n\nmodule Main exposing (main, (+))\n"
---
Header {
    name: ModuleName {
        package: None,
        name: "Main",
    },
    exports: Explicit(
        [
            Located {
                region: Region {
                    start: Position {
                        line: 1,
                        column: 23,
                    },
                    end: Position {
                        line: 1,
                        column: 27,
                    },
                },
                value: Value(
                    "main",
                ),
            },
            Located {
                region: Region {
                    start: Position {
                        line: 1,
                        column: 29,
                    },
                    end: Position {
                        line: 1,
                        column: 32,
                    },
                },
                value: Binop(
                    "+",
                ),
            },
        ],
    ),
}
