---
source: crates/nash-can/src/module.rs
description: "Code:\n\nmodule Main exposing (..)\n\nimport Foo\n\nx = 1\n"
---
[
    UnusedImport {
        region: Region {
            start: Position {
                line: 3,
                column: 8,
            },
            end: Position {
                line: 3,
                column: 11,
            },
        },
        module_name: "Foo",
    },
]
