---
source: crates/nash-can/src/pattern.rs
description: Foo
---
[
    NotFoundCtor {
        region: Region {
            start: Position {
                line: 1,
                column: 1,
            },
            end: Position {
                line: 1,
                column: 4,
            },
        },
        prefix: None,
        name: "Foo",
    },
]
