---
source: crates/nash-can/src/types.rs
description: a -> b -> a
---
Annotation {
    free_vars: [
        "a",
        "b",
    ],
    typ: Located {
        region: Region {
            start: Position {
                line: 1,
                column: 1,
            },
            end: Position {
                line: 1,
                column: 12,
            },
        },
        value: Lambda {
            from: Located {
                region: Region {
                    start: Position {
                        line: 1,
                        column: 1,
                    },
                    end: Position {
                        line: 1,
                        column: 2,
                    },
                },
                value: Var(
                    "a",
                ),
            },
            to: Located {
                region: Region {
                    start: Position {
                        line: 1,
                        column: 6,
                    },
                    end: Position {
                        line: 1,
                        column: 12,
                    },
                },
                value: Lambda {
                    from: Located {
                        region: Region {
                            start: Position {
                                line: 1,
                                column: 6,
                            },
                            end: Position {
                                line: 1,
                                column: 7,
                            },
                        },
                        value: Var(
                            "b",
                        ),
                    },
                    to: Located {
                        region: Region {
                            start: Position {
                                line: 1,
                                column: 11,
                            },
                            end: Position {
                                line: 1,
                                column: 12,
                            },
                        },
                        value: Var(
                            "a",
                        ),
                    },
                },
            },
        },
    },
}
