---
source: crates/nash-parse/src/exposing.rs
description: ((+))
---
Explicit(
    [
        Operator {
            region: Region {
                start: Position {
                    line: 1,
                    column: 2,
                },
                end: Position {
                    line: 1,
                    column: 5,
                },
            },
            op: "+",
        },
    ],
)
