---
source: crates/nash-parse/src/type_.rs
description: "Code:\n\nMaybe (List Int)"
---
Located {
    region: Region {
        start: Position {
            line: 1,
            column: 1,
        },
        end: Position {
            line: 1,
            column: 17,
        },
    },
    value: Type(
        Region {
            start: Position {
                line: 1,
                column: 1,
            },
            end: Position {
                line: 1,
                column: 6,
            },
        },
        "Maybe",
        [
            Located {
                region: Region {
                    start: Position {
                        line: 1,
                        column: 8,
                    },
                    end: Position {
                        line: 1,
                        column: 16,
                    },
                },
                value: Type(
                    Region {
                        start: Position {
                            line: 1,
                            column: 8,
                        },
                        end: Position {
                            line: 1,
                            column: 12,
                        },
                    },
                    "List",
                    [
                        Located {
                            region: Region {
                                start: Position {
                                    line: 1,
                                    column: 13,
                                },
                                end: Position {
                                    line: 1,
                                    column: 16,
                                },
                            },
                            value: Type(
                                Region {
                                    start: Position {
                                        line: 1,
                                        column: 13,
                                    },
                                    end: Position {
                                        line: 1,
                                        column: 16,
                                    },
                                },
                                "Int",
                                [],
                            ),
                        },
                    ],
                ),
            },
        ],
    ),
}
