---
source: crates/nash-parse/src/type_.rs
description: "Code:\n\n(a -> b) -> List a -> List b"
---
Located {
    region: Region {
        start: Position {
            line: 1,
            column: 1,
        },
        end: Position {
            line: 1,
            column: 29,
        },
    },
    value: Lambda(
        Located {
            region: Region {
                start: Position {
                    line: 1,
                    column: 2,
                },
                end: Position {
                    line: 1,
                    column: 8,
                },
            },
            value: Lambda(
                Located {
                    region: Region {
                        start: Position {
                            line: 1,
                            column: 2,
                        },
                        end: Position {
                            line: 1,
                            column: 3,
                        },
                    },
                    value: Var(
                        "a",
                    ),
                },
                Located {
                    region: Region {
                        start: Position {
                            line: 1,
                            column: 7,
                        },
                        end: Position {
                            line: 1,
                            column: 8,
                        },
                    },
                    value: Var(
                        "b",
                    ),
                },
            ),
        },
        Located {
            region: Region {
                start: Position {
                    line: 1,
                    column: 13,
                },
                end: Position {
                    line: 1,
                    column: 29,
                },
            },
            value: Lambda(
                Located {
                    region: Region {
                        start: Position {
                            line: 1,
                            column: 13,
                        },
                        end: Position {
                            line: 1,
                            column: 19,
                        },
                    },
                    value: Type(
                        Region {
                            start: Position {
                                line: 1,
                                column: 13,
                            },
                            end: Position {
                                line: 1,
                                column: 17,
                            },
                        },
                        "List",
                        [
                            Located {
                                region: Region {
                                    start: Position {
                                        line: 1,
                                        column: 18,
                                    },
                                    end: Position {
                                        line: 1,
                                        column: 19,
                                    },
                                },
                                value: Var(
                                    "a",
                                ),
                            },
                        ],
                    ),
                },
                Located {
                    region: Region {
                        start: Position {
                            line: 1,
                            column: 23,
                        },
                        end: Position {
                            line: 1,
                            column: 29,
                        },
                    },
                    value: Type(
                        Region {
                            start: Position {
                                line: 1,
                                column: 23,
                            },
                            end: Position {
                                line: 1,
                                column: 27,
                            },
                        },
                        "List",
                        [
                            Located {
                                region: Region {
                                    start: Position {
                                        line: 1,
                                        column: 28,
                                    },
                                    end: Position {
                                        line: 1,
                                        column: 29,
                                    },
                                },
                                value: Var(
                                    "b",
                                ),
                            },
                        ],
                    ),
                },
            ),
        },
    ),
}
