---
source: crates/nash-parse/src/type_.rs
description: "Code:\n\nMaybe a -> Result e a"
---
Located {
    region: Region {
        start: Position {
            line: 1,
            column: 1,
        },
        end: Position {
            line: 1,
            column: 22,
        },
    },
    value: Lambda(
        Located {
            region: Region {
                start: Position {
                    line: 1,
                    column: 1,
                },
                end: Position {
                    line: 1,
                    column: 8,
                },
            },
            value: Type(
                Region {
                    start: Position {
                        line: 1,
                        column: 1,
                    },
                    end: Position {
                        line: 1,
                        column: 6,
                    },
                },
                "Maybe",
                [
                    Located {
                        region: Region {
                            start: Position {
                                line: 1,
                                column: 7,
                            },
                            end: Position {
                                line: 1,
                                column: 8,
                            },
                        },
                        value: Var(
                            "a",
                        ),
                    },
                ],
            ),
        },
        Located {
            region: Region {
                start: Position {
                    line: 1,
                    column: 12,
                },
                end: Position {
                    line: 1,
                    column: 22,
                },
            },
            value: Type(
                Region {
                    start: Position {
                        line: 1,
                        column: 12,
                    },
                    end: Position {
                        line: 1,
                        column: 18,
                    },
                },
                "Result",
                [
                    Located {
                        region: Region {
                            start: Position {
                                line: 1,
                                column: 19,
                            },
                            end: Position {
                                line: 1,
                                column: 20,
                            },
                        },
                        value: Var(
                            "e",
                        ),
                    },
                    Located {
                        region: Region {
                            start: Position {
                                line: 1,
                                column: 21,
                            },
                            end: Position {
                                line: 1,
                                column: 22,
                            },
                        },
                        value: Var(
                            "a",
                        ),
                    },
                ],
            ),
        },
    ),
}
