---
source: crates/nash-parse/src/module.rs
description: "Code:\n\nmodule Main exposing (..)\n\nmain = 42\n"
---
Module {
    name: Some(
        Located {
            region: Region {
                start: Position {
                    line: 1,
                    column: 8,
                },
                end: Position {
                    line: 1,
                    column: 12,
                },
            },
            value: "Main",
        },
    ),
    exports: Located {
        region: Region {
            start: Position {
                line: 1,
                column: 22,
            },
            end: Position {
                line: 1,
                column: 26,
            },
        },
        value: Open,
    },
    docs: NoDocs(
        Region {
            start: Position {
                line: 1,
                column: 1,
            },
            end: Position {
                line: 4,
                column: 1,
            },
        },
    ),
    imports: [],
    values: [
        Located {
            region: Region {
                start: Position {
                    line: 3,
                    column: 1,
                },
                end: Position {
                    line: 4,
                    column: 1,
                },
            },
            value: Value {
                name: Located {
                    region: Region {
                        start: Position {
                            line: 3,
                            column: 1,
                        },
                        end: Position {
                            line: 3,
                            column: 5,
                        },
                    },
                    value: "main",
                },
                arguments: [],
                body: Located {
                    region: Region {
                        start: Position {
                            line: 3,
                            column: 8,
                        },
                        end: Position {
                            line: 3,
                            column: 10,
                        },
                    },
                    value: Int(
                        42,
                    ),
                },
                annotation: None,
            },
        },
    ],
    unions: [],
    aliases: [],
    binops: [],
}
